C:\Users\gehad\git\app-java\src\main\java\neoflix\routes\MovieRoutes.java
C:\Users\gehad\git\app-java\src\main\java\example\CatchErrors.java
C:\Users\gehad\git\app-java\src\main\java\neoflix\NeoflixApp.java
C:\Users\gehad\git\app-java\src\main\java\neoflix\routes\GenreRoutes.java
C:\Users\gehad\git\app-java\src\main\java\neoflix\services\GenreService.java
C:\Users\gehad\git\app-java\src\main\java\neoflix\services\PeopleService.java
C:\Users\gehad\git\app-java\src\main\java\neoflix\AuthUtils.java
C:\Users\gehad\git\app-java\src\main\java\example\Results.java
C:\Users\gehad\git\app-java\src\main\java\neoflix\Params.java
C:\Users\gehad\git\app-java\src\main\java\neoflix\routes\PeopleRoutes.java
C:\Users\gehad\git\app-java\src\main\java\neoflix\services\AuthService.java
C:\Users\gehad\git\app-java\src\main\java\neoflix\routes\AuthRoutes.java
C:\Users\gehad\git\app-java\src\main\java\neoflix\services\MovieService.java
C:\Users\gehad\git\app-java\src\main\java\example\Index.java
C:\Users\gehad\git\app-java\src\main\java\neoflix\routes\AccountRoutes.java
C:\Users\gehad\git\app-java\src\main\java\neoflix\ValidationException.java
C:\Users\gehad\git\app-java\src\main\java\neoflix\services\FavoriteService.java
C:\Users\gehad\git\app-java\src\main\java\neoflix\GsonUtils.java
C:\Users\gehad\git\app-java\src\main\java\example\AsyncApi.java
C:\Users\gehad\git\app-java\src\main\java\neoflix\AppUtils.java
C:\Users\gehad\git\app-java\src\main\java\neoflix\services\RatingService.java
