C:\Users\gehad\git\app-java\src\test\java\neoflix\_01_ConnectToNeo4jTest.java
C:\Users\gehad\git\app-java\src\test\java\neoflix\_14_PersonListTest.java
C:\Users\gehad\git\app-java\src\test\java\neoflix\_13_ListingRatingsTest.java
C:\Users\gehad\git\app-java\src\test\java\neoflix\_15_PersonProfileTest.java
C:\Users\gehad\git\app-java\src\test\java\neoflix\_05_AuthenticationTest.java
C:\Users\gehad\git\app-java\src\test\java\neoflix\_02_MovieListTest.java
C:\Users\gehad\git\app-java\src\test\java\neoflix\_04_ConstraintErrorTest.java
C:\Users\gehad\git\app-java\src\test\java\neoflix\_07_FavoritesListTest.java
C:\Users\gehad\git\app-java\src\test\java\neoflix\_12_MovieDetailsTest.java
C:\Users\gehad\git\app-java\src\test\java\neoflix\_09_GenreListTest.java
C:\Users\gehad\git\app-java\src\test\java\neoflix\_10_GenreDetailsTest.java
C:\Users\gehad\git\app-java\src\test\java\neoflix\_03_RegisterUserTest.java
C:\Users\gehad\git\app-java\src\test\java\neoflix\_08_FavoriteFlagTest.java
C:\Users\gehad\git\app-java\src\test\java\neoflix\_06_RatingMoviesTest.java
C:\Users\gehad\git\app-java\src\test\java\neoflix\_11_MovieListTest.java
